{"timestamp": "2026-04-28T19:05:22.245323+00:00", "level": "INFO", "logger": "alert_manager", "message": "Alert fired: [ERROR] XSS_ATTEMPT \u2014 XSS attempt detected: XSS attempt detected on /api/v1/profile from IP 192.168.1.", "module": "alert_manager", "function": "fire", "line": 209}
{"timestamp": "2026-04-28T19:06:37.723163+00:00", "level": "INFO", "logger": "alert_manager", "message": "Alert fired: [ERROR] ERROR_RATE_SPIKE \u2014 Error rate spike: 5 errors in the last 5 minutes", "module": "alert_manager", "function": "fire", "line": 209}
{"timestamp": "2026-04-28T19:06:46.801182+00:00", "level": "INFO", "logger": "alert_manager", "message": "Alert fired: [CRITICAL] SQL_INJECTION \u2014 SQL injection attempt detected: SQL injection attempt blocked on /api/v1/search ", "module": "alert_manager", "function": "fire", "line": 209}
{"timestamp": "2026-04-28T19:06:46.812063+00:00", "level": "INFO", "logger": "alert_manager", "message": "Alert fired: [ERROR] ERROR_RATE_SPIKE \u2014 Error rate spike: 6 errors in the last 5 minutes", "module": "alert_manager", "function": "fire", "line": 209}
{"timestamp": "2026-04-28T19:06:52.862594+00:00", "level": "INFO", "logger": "alert_manager", "message": "Alert fired: [ERROR] ERROR_RATE_SPIKE \u2014 Error rate spike: 7 errors in the last 5 minutes", "module": "alert_manager", "function": "fire", "line": 209}
{"timestamp": "2026-04-28T19:07:29.149964+00:00", "level": "INFO", "logger": "alert_manager", "message": "Alert fired: [ERROR] ERROR_RATE_SPIKE \u2014 Error rate spike: 8 errors in the last 5 minutes", "module": "alert_manager", "function": "fire", "line": 209}
{"timestamp": "2026-04-28T19:07:47.507827+00:00", "level": "INFO", "logger": "alert_manager", "message": "Alert fired: [CRITICAL] AI_RISK_ASSESSMENT \u2014 AI detected CRITICAL risk: Analyzed 50 log entries: 8 errors, 9 warnings, 2 secu", "module": "alert_manager", "function": "fire", "line": 209}
{"timestamp": "2026-04-28T19:07:47.509301+00:00", "level": "INFO", "logger": "alert_manager", "message": "Alert fired: [CRITICAL] AI_THREAT_SQL_INJECTION \u2014 Detected sql injection pattern in logs", "module": "alert_manager", "function": "fire", "line": 209}
{"timestamp": "2026-04-28T19:07:47.510708+00:00", "level": "INFO", "logger": "alert_manager", "message": "Alert fired: [CRITICAL] AI_THREAT_XSS \u2014 Detected xss pattern in logs", "module": "alert_manager", "function": "fire", "line": 209}
{"timestamp": "2026-04-28T19:07:47.513272+00:00", "level": "INFO", "logger": "alert_manager", "message": "Alert fired: [ERROR] AI_ANOMALY_ERROR_SPIKE \u2014 8/50 log entries are errors", "module": "alert_manager", "function": "fire", "line": 209}
{"timestamp": "2026-04-28T19:07:56.578761+00:00", "level": "INFO", "logger": "alert_manager", "message": "Alert fired: [ERROR] ERROR_RATE_SPIKE \u2014 Error rate spike: 9 errors in the last 5 minutes", "module": "alert_manager", "function": "fire", "line": 209}
{"timestamp": "2026-04-28T19:08:17.689422+00:00", "level": "INFO", "logger": "alert_manager", "message": "Alert fired: [ERROR] ERROR_RATE_SPIKE \u2014 Error rate spike: 10 errors in the last 5 minutes", "module": "alert_manager", "function": "fire", "line": 209}
{"timestamp": "2026-04-28T19:08:26.764529+00:00", "level": "INFO", "logger": "alert_manager", "message": "Alert fired: [ERROR] ERROR_RATE_SPIKE \u2014 Error rate spike: 11 errors in the last 5 minutes", "module": "alert_manager", "function": "fire", "line": 209}
{"timestamp": "2026-04-28T19:08:38.828623+00:00", "level": "INFO", "logger": "alert_manager", "message": "Alert fired: [CRITICAL] PRIVILEGE_ESCALATION \u2014 Privilege escalation attempt: Privilege escalation attempt: user 'bob' tried to ", "module": "alert_manager", "function": "fire", "line": 209}
{"timestamp": "2026-04-28T19:08:38.834519+00:00", "level": "INFO", "logger": "alert_manager", "message": "Alert fired: [ERROR] ERROR_RATE_SPIKE \u2014 Error rate spike: 12 errors in the last 5 minutes", "module": "alert_manager", "function": "fire", "line": 209}
{"timestamp": "2026-04-28T19:08:56.940355+00:00", "level": "INFO", "logger": "alert_manager", "message": "Alert fired: [ERROR] ERROR_RATE_SPIKE \u2014 Error rate spike: 13 errors in the last 5 minutes", "module": "alert_manager", "function": "fire", "line": 209}
{"timestamp": "2026-04-28T19:09:27.140946+00:00", "level": "DEBUG", "logger": "alert_manager", "message": "Alert 4eca18836248 suppressed (dedup window)", "module": "alert_manager", "function": "fire", "line": 196}
{"timestamp": "2026-04-28T19:10:03.367238+00:00", "level": "DEBUG", "logger": "alert_manager", "message": "Alert 0977eb7f998f suppressed (dedup window)", "module": "alert_manager", "function": "fire", "line": 196}
{"timestamp": "2026-04-28T19:10:18.568117+00:00", "level": "DEBUG", "logger": "alert_manager", "message": "Alert 4eca18836248 suppressed (dedup window)", "module": "alert_manager", "function": "fire", "line": 196}
{"timestamp": "2026-04-28T19:10:21.352755+00:00", "level": "INFO", "logger": "alert_manager", "message": "Loaded 16 historical alerts from logs\\alerts.json", "module": "alert_manager", "function": "_load_from_disk", "line": 167}
{"timestamp": "2026-04-28T19:10:42.801680+00:00", "level": "DEBUG", "logger": "alert_manager", "message": "Alert 4eca18836248 suppressed (dedup window)", "module": "alert_manager", "function": "fire", "line": 196}
{"timestamp": "2026-04-28T19:11:03.922693+00:00", "level": "INFO", "logger": "alert_manager", "message": "Alert fired: [ERROR] ERROR_RATE_SPIKE \u2014 Error rate spike: 14 errors in the last 5 minutes", "module": "alert_manager", "function": "fire", "line": 209}
{"timestamp": "2026-04-28T19:11:34.120294+00:00", "level": "INFO", "logger": "alert_manager", "message": "Alert fired: [CRITICAL] PORT_SCAN \u2014 Port scan detected: Potential port scan from IP 10.0.1.211: 121 ports probed in ", "module": "alert_manager", "function": "fire", "line": 209}
{"timestamp": "2026-04-28T19:11:34.123339+00:00", "level": "INFO", "logger": "alert_manager", "message": "Alert fired: [ERROR] ERROR_RATE_SPIKE \u2014 Error rate spike: 15 errors in the last 5 minutes", "module": "alert_manager", "function": "fire", "line": 209}
{"timestamp": "2026-04-28T19:11:41.521366+00:00", "level": "INFO", "logger": "alert_manager", "message": "Alert fired: [CRITICAL] AI_RISK_ASSESSMENT \u2014 AI detected CRITICAL risk: Analyzed 50 log entries: 11 errors, 15 warnings, 2 se", "module": "alert_manager", "function": "fire", "line": 209}
{"timestamp": "2026-04-28T19:11:41.531550+00:00", "level": "INFO", "logger": "alert_manager", "message": "Alert fired: [CRITICAL] AI_THREAT_PORT_SCAN \u2014 Detected port scan pattern in logs", "module": "alert_manager", "function": "fire", "line": 209}
{"timestamp": "2026-04-28T19:11:41.534124+00:00", "level": "INFO", "logger": "alert_manager", "message": "Alert fired: [CRITICAL] AI_THREAT_PRIVILEGE_ESCALATION \u2014 Detected privilege escalation pattern in logs", "module": "alert_manager", "function": "fire", "line": 209}
{"timestamp": "2026-04-28T19:11:41.536515+00:00", "level": "INFO", "logger": "alert_manager", "message": "Alert fired: [ERROR] AI_ANOMALY_ERROR_SPIKE \u2014 11/50 log entries are errors", "module": "alert_manager", "function": "fire", "line": 209}
{"timestamp": "2026-04-28T19:13:24.271812+00:00", "level": "INFO", "logger": "alert_manager", "message": "Alert fired: [ERROR] ERROR_RATE_SPIKE \u2014 Error rate spike: 10 errors in the last 5 minutes", "module": "alert_manager", "function": "fire", "line": 209}
{"timestamp": "2026-04-28T19:13:57.494863+00:00", "level": "INFO", "logger": "alert_manager", "message": "Alert fired: [ERROR] ERROR_RATE_SPIKE \u2014 Error rate spike: 8 errors in the last 5 minutes", "module": "alert_manager", "function": "fire", "line": 209}
{"timestamp": "2026-04-28T19:14:12.594516+00:00", "level": "INFO", "logger": "alert_manager", "message": "Alert fired: [ERROR] ERROR_RATE_SPIKE \u2014 Error rate spike: 9 errors in the last 5 minutes", "module": "alert_manager", "function": "fire", "line": 209}
{"timestamp": "2026-04-28T19:14:48.796231+00:00", "level": "DEBUG", "logger": "alert_manager", "message": "Alert 13edf852c2ee suppressed (dedup window)", "module": "alert_manager", "function": "fire", "line": 196}
{"timestamp": "2026-04-28T19:15:50.958672+00:00", "level": "INFO", "logger": "alert_manager", "message": "Alert fired: [CRITICAL] AI_RISK_ASSESSMENT \u2014 AI detected CRITICAL risk: Analyzed 50 log entries: 4 errors, 6 warnings, 1 secu", "module": "alert_manager", "function": "fire", "line": 209}
{"timestamp": "2026-04-28T19:15:50.962242+00:00", "level": "INFO", "logger": "alert_manager", "message": "Alert fired: [CRITICAL] AI_THREAT_BRUTE_FORCE \u2014 Detected brute force pattern in logs", "module": "alert_manager", "function": "fire", "line": 209}
{"timestamp": "2026-04-28T19:15:50.966565+00:00", "level": "INFO", "logger": "alert_manager", "message": "Alert fired: [ERROR] AI_ANOMALY_ERROR_SPIKE \u2014 4/50 log entries are errors", "module": "alert_manager", "function": "fire", "line": 209}
{"timestamp": "2026-04-28T19:16:18.151962+00:00", "level": "INFO", "logger": "alert_manager", "message": "Alert fired: [ERROR] ERROR_RATE_SPIKE \u2014 Error rate spike: 6 errors in the last 5 minutes", "module": "alert_manager", "function": "fire", "line": 209}
{"timestamp": "2026-04-28T19:16:42.287773+00:00", "level": "DEBUG", "logger": "alert_manager", "message": "Alert 00d8d064d260 suppressed (dedup window)", "module": "alert_manager", "function": "fire", "line": 196}
{"timestamp": "2026-04-28T19:17:33.614775+00:00", "level": "INFO", "logger": "alert_manager", "message": "Alert fired: [ERROR] ERROR_RATE_SPIKE \u2014 Error rate spike: 7 errors in the last 5 minutes", "module": "alert_manager", "function": "fire", "line": 209}
{"timestamp": "2026-04-28T19:18:18.948080+00:00", "level": "INFO", "logger": "alert_manager", "message": "Alert fired: [CRITICAL] PRIVILEGE_ESCALATION \u2014 Privilege escalation attempt: Privilege escalation attempt: user 'eve' tried to ", "module": "alert_manager", "function": "fire", "line": 209}
{"timestamp": "2026-04-28T19:18:18.948916+00:00", "level": "DEBUG", "logger": "alert_manager", "message": "Alert 1e05926e8a16 suppressed (dedup window)", "module": "alert_manager", "function": "fire", "line": 196}
{"timestamp": "2026-04-28T19:18:34.052578+00:00", "level": "INFO", "logger": "alert_manager", "message": "Alert fired: [CRITICAL] PRIVILEGE_ESCALATION \u2014 Privilege escalation attempt: Privilege escalation attempt: user 'alice' tried t", "module": "alert_manager", "function": "fire", "line": 209}
{"timestamp": "2026-04-28T19:18:34.054923+00:00", "level": "DEBUG", "logger": "alert_manager", "message": "Alert 1e05926e8a16 suppressed (dedup window)", "module": "alert_manager", "function": "fire", "line": 196}
{"timestamp": "2026-04-28T19:18:49.140075+00:00", "level": "DEBUG", "logger": "alert_manager", "message": "Alert 13edf852c2ee suppressed (dedup window)", "module": "alert_manager", "function": "fire", "line": 196}
{"timestamp": "2026-04-28T19:19:22.327809+00:00", "level": "INFO", "logger": "alert_manager", "message": "Alert fired: [ERROR] ERROR_RATE_SPIKE \u2014 Error rate spike: 8 errors in the last 5 minutes", "module": "alert_manager", "function": "fire", "line": 209}
{"timestamp": "2026-04-28T19:19:28.365363+00:00", "level": "INFO", "logger": "alert_manager", "message": "Alert fired: [CRITICAL] PRIVILEGE_ESCALATION \u2014 Privilege escalation attempt: Privilege escalation attempt: user 'deploy' tried ", "module": "alert_manager", "function": "fire", "line": 209}
{"timestamp": "2026-04-28T19:19:28.368420+00:00", "level": "INFO", "logger": "alert_manager", "message": "Alert fired: [ERROR] ERROR_RATE_SPIKE \u2014 Error rate spike: 9 errors in the last 5 minutes", "module": "alert_manager", "function": "fire", "line": 209}
{"timestamp": "2026-04-28T19:20:00.002764+00:00", "level": "INFO", "logger": "alert_manager", "message": "Alert fired: [CRITICAL] AI_RISK_ASSESSMENT \u2014 AI detected CRITICAL risk: Analyzed 50 log entries: 8 errors, 8 warnings, 1 secu", "module": "alert_manager", "function": "fire", "line": 209}
{"timestamp": "2026-04-28T19:20:00.006713+00:00", "level": "INFO", "logger": "alert_manager", "message": "Alert fired: [CRITICAL] AI_THREAT_PRIVILEGE_ESCALATION \u2014 Detected privilege escalation pattern in logs", "module": "alert_manager", "function": "fire", "line": 209}
{"timestamp": "2026-04-28T19:20:00.012814+00:00", "level": "INFO", "logger": "alert_manager", "message": "Alert fired: [ERROR] AI_ANOMALY_ERROR_SPIKE \u2014 8/50 log entries are errors", "module": "alert_manager", "function": "fire", "line": 209}
{"timestamp": "2026-04-28T19:22:17.955335+00:00", "level": "INFO", "logger": "alert_manager", "message": "Alert fired: [CRITICAL] PRIVILEGE_ESCALATION \u2014 Privilege escalation attempt: Privilege escalation attempt: user 'dave' tried to", "module": "alert_manager", "function": "fire", "line": 209}
{"timestamp": "2026-04-28T19:22:17.971571+00:00", "level": "DEBUG", "logger": "alert_manager", "message": "Alert 4deccc9b5f06 suppressed (dedup window)", "module": "alert_manager", "function": "fire", "line": 196}
{"timestamp": "2026-04-28T19:22:27.046624+00:00", "level": "DEBUG", "logger": "alert_manager", "message": "Alert 1e05926e8a16 suppressed (dedup window)", "module": "alert_manager", "function": "fire", "line": 196}
{"timestamp": "2026-04-28T19:22:54.325847+00:00", "level": "INFO", "logger": "alert_manager", "message": "Alert fired: [CRITICAL] SQL_INJECTION \u2014 SQL injection attempt detected: XSS attempt detected on /api/v1/profile from IP ", "module": "alert_manager", "function": "fire", "line": 209}
{"timestamp": "2026-04-28T19:22:54.331477+00:00", "level": "INFO", "logger": "alert_manager", "message": "Alert fired: [ERROR] XSS_ATTEMPT \u2014 XSS attempt detected: XSS attempt detected on /api/v1/profile from IP 192.168.1.", "module": "alert_manager", "function": "fire", "line": 209}
{"timestamp": "2026-04-28T19:22:54.336354+00:00", "level": "DEBUG", "logger": "alert_manager", "message": "Alert 1e05926e8a16 suppressed (dedup window)", "module": "alert_manager", "function": "fire", "line": 196}
{"timestamp": "2026-04-28T19:22:57.363652+00:00", "level": "DEBUG", "logger": "alert_manager", "message": "Alert 13edf852c2ee suppressed (dedup window)", "module": "alert_manager", "function": "fire", "line": 196}
{"timestamp": "2026-04-28T19:23:03.393474+00:00", "level": "INFO", "logger": "alert_manager", "message": "Alert fired: [ERROR] ERROR_RATE_SPIKE \u2014 Error rate spike: 10 errors in the last 5 minutes", "module": "alert_manager", "function": "fire", "line": 209}
{"timestamp": "2026-04-28T19:23:27.600539+00:00", "level": "INFO", "logger": "alert_manager", "message": "Alert fired: [CRITICAL] PORT_SCAN \u2014 Port scan detected: Potential port scan from IP 192.168.1.13: 270 ports probed i", "module": "alert_manager", "function": "fire", "line": 209}
{"timestamp": "2026-04-28T19:23:27.602161+00:00", "level": "DEBUG", "logger": "alert_manager", "message": "Alert 6bb801ab6c30 suppressed (dedup window)", "module": "alert_manager", "function": "fire", "line": 196}
{"timestamp": "2026-04-28T19:23:39.674902+00:00", "level": "DEBUG", "logger": "alert_manager", "message": "Alert 6bb801ab6c30 suppressed (dedup window)", "module": "alert_manager", "function": "fire", "line": 196}
{"timestamp": "2026-04-28T19:23:57.776671+00:00", "level": "DEBUG", "logger": "alert_manager", "message": "Alert 6bb801ab6c30 suppressed (dedup window)", "module": "alert_manager", "function": "fire", "line": 196}
{"timestamp": "2026-04-28T19:24:11.466765+00:00", "level": "INFO", "logger": "alert_manager", "message": "Alert fired: [CRITICAL] AI_RISK_ASSESSMENT \u2014 AI detected CRITICAL risk: Analyzed 50 log entries: 8 errors, 15 warnings, 4 sec", "module": "alert_manager", "function": "fire", "line": 209}
{"timestamp": "2026-04-28T19:24:11.471017+00:00", "level": "INFO", "logger": "alert_manager", "message": "Alert fired: [CRITICAL] AI_THREAT_SQL_INJECTION \u2014 Detected sql injection pattern in logs", "module": "alert_manager", "function": "fire", "line": 209}
{"timestamp": "2026-04-28T19:24:11.516520+00:00", "level": "INFO", "logger": "alert_manager", "message": "Alert fired: [CRITICAL] AI_THREAT_XSS \u2014 Detected xss pattern in logs", "module": "alert_manager", "function": "fire", "line": 209}
{"timestamp": "2026-04-28T19:24:11.519917+00:00", "level": "INFO", "logger": "alert_manager", "message": "Alert fired: [CRITICAL] AI_THREAT_PORT_SCAN \u2014 Detected port scan pattern in logs", "module": "alert_manager", "function": "fire", "line": 209}
{"timestamp": "2026-04-28T19:24:11.520117+00:00", "level": "DEBUG", "logger": "alert_manager", "message": "Alert 7a932191b964 suppressed (dedup window)", "module": "alert_manager", "function": "fire", "line": 196}
{"timestamp": "2026-04-28T19:24:11.520189+00:00", "level": "DEBUG", "logger": "alert_manager", "message": "Alert fcee74832487 suppressed (dedup window)", "module": "alert_manager", "function": "fire", "line": 196}
